2019-06-08 16:10:40,535 INFO Test1 [main] Open otus.ru
2019-06-08 16:11:55,385 INFO Test1 [main] Open otus.ru
